test-20250619-124937.log